0:1(2): preprocessor error: Invalid tokens after #
