0:1(2): preprocessor error: Built-in (pre-defined) macro names can not be undefined.
0:2(1): preprocessor error: Built-in (pre-defined) macro names can not be undefined.
0:3(1): preprocessor error: Built-in (pre-defined) macro names can not be undefined.



