0:1(2): preprocessor error: #define without macro name
0:1(2): preprocessor error: syntax error, unexpected NEWLINE, expecting FUNC_IDENTIFIER or OBJ_IDENTIFIER
