0:1(52): preprocessor error: Unterminated comment
This file ends with no newline within a comment
