0:1(3): preprocessor error: #version must appear on the first line


